i1 : needsPackage("MMPComputation", FileName => "MMPComputation.m2")

o1 = MMPComputation

o1 : Package

i2 : S = QQ[z00,z01,z02,z10,z11,z12];

i3 : X = S/minors(2, matrix{{z00,z01,z02},{z10,z11,z12}});

i4 : dim X - 1

o4 = 3

i5 : canonicalNefThreshold(X,1)

o5 = 3

o5 : QQ

i6 : contraction = canonicalContractionAtThresholdData(X,1,3);

i7 : contraction#"conclusive"

o7 = true

i8 : contraction#"threshold"

o8 = 3

o8 : QQ

i9 : contraction#"multiplier"

o9 = 1

i10 : contraction#"guaranteedMultiplier"

o10 = 7

i11 : contraction#"contractionType"

o11 = fibration

i12 : (contraction#"sourceDimension", contraction#"targetDimension")

o12 = (3, 1)

o12 : Sequence

i13 : contraction#"dimensionDrop"

o13 = 2

i14 : contraction#"steinFactorizationType"

o14 = computed

i15 : contraction#"steinHomData"#"certifiedBound"

o15 = true

i16 : contraction#"linearSystemGraph"#"targetVariableCount"

o16 = 2

i17 : isPrime contraction#"linearSystemGraph"#"graphIdeal"

o17 = true

i18 : graph = contraction#"contractionGraph";

i19 : class graph

o19 = GraphMorphism

o19 : Type

i20 : numgens source vars graph#ambientRing

o20 = 8

i21 : graph#fiberVariables

o21 = {p , p , p , p , p , p }
        0   1   2   3   4   5

o21 : List

i22 : graph#baseVariables

o22 = {p , p }
        6   7

o22 : List

i23 : dim(graph#totalRing) == dim X + 1

o23 = true

